// Jest Snapshot v1, https://goo.gl/fbAQLP

exports[`uses pseudo-parent when no parentRef.current 1`] = `
<body>
  <div />
  <div
    aria-modal="true"
    class="overlay"
    role="dialog"
    style="background-color: rgba(255, 255, 255, 0.95); transition-duration: 300ms; z-index: 2147483647;"
  >
    <div
      class="content"
      style="height: 0px; left: 0px; top: 0px; transform: scale(Infinity) translate(0px, 0px); transition-duration: 300ms; width: 0px;"
    >
      <img
        alt="foo"
        src="foo.jpg"
        width="500"
      />
    </div>
    <button
      aria-label="Unzoom image"
      class="trigger btn"
    />
  </div>
</body>
`;
